// Jest Snapshot v1, https://goo.gl/fbAQLP

exports[`Loading PageNotFound component it matches the snapshot 1`] = `
<h2>
  Page not found
</h2>
`;
